[www.ucas.com/index.html]
[backblue.gif]
[fade.gif]
[index.html]
[dfcdn.ucas.com/4.13.3/stylesheets/base.css]
[consent.cookiebot.com/uc.js]
[prod.df.ucascdn.com/latest/stylesheets/optional/cookiebot.css]
[www.ucas.com/sites/all/themes/ucas/favicon.ico]
[www.ucas.com/sites/default/files/css/css_VF7oPqKXGKeX3ULXp7vmY_xg3nWnA6BEX4Iw7Yjzi1c.css]
[www.ucas.com/sites/all/libraries/owl-carousel/owl.carousel.min2269.css]
[www.ucas.com/sites/all/libraries/owl-carousel/owl.theme.min2269.css]
[www.ucas.com/sites/all/libraries/owl-carousel/owl.transitions.min2269.css]
[www.ucas.com/sites/default/files/css/css_FaFQgxG9zG1A0bv8Ozx6fQW8EWLpi0mu7kTASguKUlY.css]
[www.ucas.com/sites/default/files/css/css_XHItM4xt3OkIlKnp1ggzib4WEoo0XIRucjeqLHLfir8.css]
[www.ucas.com/explore/search.html]
[www.ucas.com/discover.html]
[www.ucas.com/dashboard.html]
[www.ucas.com/explore/career-compass.html]
[www.ucas.com/undergraduate/what-and-where-study/events-and-open-days.html]
[www.ucas.com/chat-to-students.html]
[www.ucas.com/further-education.html]
[www.ucas.com/what-to-do.html]
[www.ucas.com/apprenticeships.html]
[www.ucas.com/undergraduate/what-and-where-study/how-choose-right-undergraduate-course-you.html]
[www.ucas.com/explore/subjects.html]
[www.ucas.com/explore/industry-guides.html]
[www.ucas.com/explore/employers.html]
[www.ucas.com/careers-advice.html]
[www.ucas.com/apprenticeships/what-you-need-know-about-apprenticeships/degree-apprenticeships-0.html]
[www.ucas.com/money.html]
[www.ucas.com/where-to-go.html]
[www.ucas.com/explore/unis.html]
[www.ucas.com/explore/locations.html]
[www.ucas.com/undergraduate/student-life/undergraduate-accommodation.html]
[www.ucas.com/undergraduate.html]
[www.ucas.com/explore.html]
[www.ucas.com/undergraduate/applying-to-university.html]
[www.ucas.com/undergraduate/applying-university/ucas-undergraduate-when-apply.html]
[www.ucas.com/undergraduate/applying-university/filling-your-ucas-undergraduate-application.html]
[www.ucas.com/undergraduate/what-and-where-study/entry-requirements/ucas-tariff-points.html]
[www.ucas.com/explore/search/events377e.html]
[www.ucas.com/undergraduate/what-where-study.html]
[www.ucas.com/undergraduate/what-and-where-to-study/what-can-i-do-next.html]
[www.ucas.com/undergraduate/what-and-where-to-study/distance-learning.html]
[www.ucas.com/conservatoires.html]
[www.ucas.com/undergraduate/after-you-apply.html]
[www.ucas.com/undergraduate/after-you-apply/undergraduate-interview-invitations.html]
[www.ucas.com/undergraduate/after-you-apply/tracking-your-ucas-application.html]
[www.ucas.com/undergraduate/after-you-apply/ucas-undergraduate-types-offer.html]
[www.ucas.com/undergraduate/results-clearing.html]
[www.ucas.com/undergraduate/results-confirmation-and-clearing/ucas-undergraduate-results.html]
[www.ucas.com/undergraduate/results-confirmation-and-clearing/what-clearing.html]
[www.ucas.com/finance/undergraduate-tuition-fees-and-student-loans.html]
[www.ucas.com/finance/managing-money.html]
[www.ucas.com/undergraduate/student-life.html]
[www.ucas.com/undergraduate/student-life/student-discounts.html]
[www.ucas.com/undergraduate/student-life/mental-health-and-wellbeing.html]
[www.ucas.com/undergraduate/student-life/gap-year.html]
[www.ucas.com/postgraduate.html]
[www.ucas.com/postgraduate/postgraduate-study.html]
[www.ucas.com/postgraduate/choosing-postgraduate-course.html]
[www.ucas.com/postgraduate/postgraduate-study/what-study.html]
[www.ucas.com/postgraduate/choosing-course/choosing-between-similar-courses.html]
[www.ucas.com/postgraduate/postgraduate-study/postgraduate-international-students.html]
[www.ucas.com/postgraduate/postgraduate-study/international-students/benefits-studying-uk.html]
[www.ucas.com/postgraduate/international-students/moving-and-living-uk.html]
[www.ucas.com/postgraduate/postgraduate-fees-and-funding.html]
[www.ucas.com/postgraduate/fees-and-funding/postgraduate-loans.html]
[www.ucas.com/postgraduate/fees-and-funding/ucas-conservatoires-postgraduate-tuition-fees-and-finance.html]
[www.ucas.com/teaching-in-the-uk.html]
[www.ucas.com/postgraduate/teacher-training/choosing-career-teaching.html]
[www.ucas.com/teaching-in-england.html]
[www.ucas.com/postgraduate/teacher-training/how-apply.html]
[www.ucas.com/apprenticeships/get-latest-apprenticeship-opportunities.html]
[www.ucas.com/apprenticeships/what-you-need-know-about-apprenticeships.html]
[www.ucas.com/apprenticeships/what-are-expected-apprenticeship-hours.html]
[www.ucas.com/apprenticeships/who-are-apprenticeships-for.html]
[www.ucas.com/apprenticeships/money-funding-and-finance-apprenticeships.html]
[www.ucas.com/apprenticeships/how-apply-apprenticeships.html]
[www.ucas.com/apprenticeships/how-i-got-my-apprenticeship.html]
[www.ucas.com/further-education/find-career-ideas.html]
[www.ucas.com/careers/careers-quiz.html]
[www.ucas.com/explore/career-list.html]
[www.ucas.com/careers-advice/getting-job.html]
[www.ucas.com/careers/getting-job/how-get-work.html]
[www.ucas.com/careers/getting-job/what-are-employers-looking.html]
[www.ucas.com/careers/getting-job/how-write-cv.html]
[www.ucas.com/careers-advice/employment.html]
[www.ucas.com/careers/employment/understanding-employment-contracts-moneyhelper.html]
[www.ucas.com/careers/employment/your-first-payslip-moneyhelper.html]
[www.ucas.com/careers/internships.html]
[www.ucas.com/careers/internships/internships-and-volunteering.html]
[www.ucas.com/about-us/join-our-team.html]
[www.ucas.com/ucas/tariff-calculator.html]
[www.ucas.com/sites/all/themes/ucas/video/homepage-leader.jpg]
[www.ucas.com/undergraduate/what-and-where-study/open-days-and-events/ucas-discovery-exhibitions.html]
[www.ucas.com/sites/default/files/styles/landing_tile/public/landing/discovery-events-tileaa6f.jpg]
[www.ucas.com/why-the-ads.html]
[www.ucas.com/sites/default/files/styles/landing_tile/public/landing/subjectdfdf.jpg]
[www.ucas.com/sites/default/files/styles/landing_tile/public/landing/uni719a.jpg]
[www.ucas.com/sites/default/files/styles/landing_tile/public/landing/regiond261.jpg]
[www.ucas.com/sites/default/files/styles/leaderboard/public/careerquiz_banner3f96b.jpg]
[www.ucas.com/sites/default/files/styles/landing_tile/public/landing/applying_to_universityd8e9.jpg]
[www.ucas.com/sites/default/files/styles/landing_tile/public/landing/unibuddy_00c2e.jpg]
[www.ucas.com/sites/default/files/styles/landing_tile/public/md-3374_apprenticeships_in_wales378e.jpg]
[www.ucas.com/sites/default/files/styles/landing_tile/public/landing/accommodationa176.jpg]
[www.ucas.com/sites/default/files/styles/landing_tile/public/landing/day-28-news-tileb66d.jpg]
[www.ucas.com/corporate/news-and-key-documents/news/first-exam-year-pandemic-sees-record-numbers-entering-higher-education.html]
[www.ucas.com/sites/default/files/styles/landing_tile/public/jcq-news-tile41ee.jpg]
[www.ucas.com/corporate/news-and-key-documents/news/record-progression-higher-education-exam-sitting-students.html]
[www.ucas.com/sites/default/files/styles/landing_tile/public/sqa-news-tilef23e.jpg]
[www.ucas.com/corporate/news-and-key-documents/news/record-proportion-scottish-students-accepted-their-first-choice-university.html]
[www.ucas.com/advisers.html]
[www.ucas.com/providers.html]
[www.ucas.com/data-and-analysis.html]
[www.ucas.com/business.html]
[www.ucas.com/contact-us.html]
[www.ucas.com/business/employers.html]
[www.ucas.com/about-us.html]
[www.ucas.com/about-us/policies/accessibility.html]
[www.ucas.com/ucas-terms-explained.html]
[www.ucas.com/about-us/policies/terms-and-conditions-use-ucas-network.html]
[www.ucas.com/about-us/policies/privacy-policies-and-declarations.html]
[www.ucas.com/corporate/about-us/slavery-and-human-trafficking-statement-financial-year-ending-31-july-2020.html]
[dfcdn.ucas.com/4.13.3/stylesheets/optional/icons--optional.css]
[dfcdn.ucas.com/4.13.3/stylesheets/gigya.css]
[dfcdn.ucas.com/4.13.3/scripts/vendor-light.js]
[dfcdn.ucas.com/4.13.3/scripts/full.js]
[dfcdn.ucas.com/4.13.3/scripts/inventory.js]
[www.ucas.com/sites/default/files/js/js_EGdWOOG_z2TKy61zNE_fjbL_XvqHJRXwph1r90mhjBM.js]
[www.ucas.com/sites/default/files/js/js_4Oel44G_6QEnOYz2JH_MWmwZGwHxeLY7Lgk-OfVVczI.js]
[www.ucas.com/sites/default/files/js/js_qi2m1O3LMkDDz_9RR7LHhzBSkaW1Yv1kaYTdUpg49Fw.js]
[www.ucas.com/sites/all/modules/custom/ucas_gigya/js/min/ucas-gigyaHelpers.min2269.js]
[prod.df.ucascdn.com/evergreen/scripts/evergreen/user-menu2269.js]
[cdns.eu1.gigya.com/js/gigyaa0da.js]
[www.ucas.com/sites/all/modules/custom/ucas_gigya/js/min/ucas-gigyaHandlers.min2269.js]
[www.ucas.com/sites/default/files/js/js_BrXQTUxmPSohPXsE0GfVRIy71F36Mk-b1Q74v92ejDA.js]
[www.ucas.com/sites/default/files/js/js_iw86DzP8T8xpqw3nidtxCuzK5EfttAjoM6nEceAWivQ.js]
[www.ucas.com/sites/all/libraries/owl-carousel/owl.carousel.min2269.js]
[www.ucas.com/sites/default/files/js/js_3i-Ui2y95owBKAc9LX47tlBYSTj284yWjgVOIn53hS0.js]
[www.ucas.com/sites/default/files/js/js_m1sjUe90iEeuOw97b5WbfkB_fKdmvmq-cuec1YnuKDc.js]
[www.ucas.com/sites/all/themes/ucas/images/pixels/pixel-all.png]
[www.ucas.com/sites/all/themes/ucas/images/pixels/pixel-nojs.png]
[www.ucas.com/index.html]
[dfcdn.ucas.com/4.13.3/images/headers/header-style-2d-application-small.jpg]
[dfcdn.ucas.com/4.13.3/images/headers/header-style-2d-application-medium.jpg]
[dfcdn.ucas.com/4.13.3/images/headers/header-style-2d-application-large.jpg]
[dfcdn.ucas.com/4.13.3/images/headers/header-style-2d-application-xlarge.jpg]
[dfcdn.ucas.com/4.13.3/images/headers/header-style-2d-application-xlarge-2x.jpg]
[dfcdn.ucas.com/4.13.3/images/headers/header-with-background-example-small.jpg]
[dfcdn.ucas.com/4.13.3/images/headers/header-with-background-example-medium.jpg]
[dfcdn.ucas.com/4.13.3/images/headers/header-with-background-example-large.jpg]
[dfcdn.ucas.com/4.13.3/images/headers/header-with-background-example-xlarge.jpg]
[dfcdn.ucas.com/4.13.3/images/headers/header-with-background-example-xlarge-2x.jpg]
[dfcdn.ucas.com/4.13.3/images/background/notebook-plant-glasses.jpg]
[dfcdn.ucas.com/4.13.3/images/background/student-with-bike.jpg]
[dfcdn.ucas.com/4.13.3/images/tef-logos-sprite-2019.png]
[dfcdn.ucas.com/4.13.3/images/page-background/all-search-holding-phones.jpg]
[dfcdn.ucas.com/4.13.3/images/spinners/spinner.gif]
[dfcdn.ucas.com/4.13.3/images/spinners/spinner-tiny.gif]
[dfcdn.ucas.com/4.13.3/images/spinners/spinner-small.gif]
[dfcdn.ucas.com/4.13.3/images/spinners/loading.gif]
[dfcdn.ucas.com/4.13.3/images/modals/login-header.jpg]
[dfcdn.ucas.com/4.13.3/images/icons/explore.png]
[dfcdn.ucas.com/4.13.3/images/video-mask.png]
[dfcdn.ucas.com/4.13.3/images/throbbers/throbber-small-trans-light.gif]
[dfcdn.ucas.com/4.13.3/images/throbbers/throbber-medium-trans-light.gif]
[dfcdn.ucas.com/4.13.3/images/logo.png]
[dfcdn.ucas.com/4.13.3/images/social-media-sprites.png]
[dfcdn.ucas.com/4.13.3/stylesheets/base.css]
[prod.df.ucascdn.com/latest/stylesheets/optional/cookiebot.css]
[dfcdn.ucas.com/4.13.3/stylesheets/optional/schemes--optional--base.css]
[www.ucas.com/sites/all/modules/custom/ucas_key_messages/images/information.png]
[www.ucas.com/sites/default/files/css/css_VF7oPqKXGKeX3ULXp7vmY_xg3nWnA6BEX4Iw7Yjzi1c.css]
[www.ucas.com/sites/all/libraries/owl-carousel/grabbing.png]
[www.ucas.com/sites/all/libraries/owl-carousel/owl.carousel.min2269.css]
[www.ucas.com/sites/all/libraries/owl-carousel/AjaxLoader.gif]
[www.ucas.com/sites/all/libraries/owl-carousel/owl.theme.min2269.css]
[www.ucas.com/sites/all/libraries/owl-carousel/owl.transitions.min2269.css]
[www.ucas.com/sites/default/files/css/css_FaFQgxG9zG1A0bv8Ozx6fQW8EWLpi0mu7kTASguKUlY.css]
[www.ucas.com/sites/all/themes/desfra/images/placeholder-image.jpg]
[www.ucas.com/sites/all/themes/ucas/images/default-images/tiles/default-tile1.jpg]
[www.ucas.com/sites/all/themes/ucas/images/default-images/tiles/default-tile5.jpg]
[www.ucas.com/sites/all/themes/ucas/images/default-images/tiles/default-tile3.jpg]
[www.ucas.com/sites/all/themes/ucas/images/default-images/tiles/default-tile6.jpg]
[www.ucas.com/sites/all/themes/ucas/images/slant-steep.svg]
[www.ucas.com/sites/all/themes/ucas/images/landing/icon-about.png]
[www.ucas.com/sites/all/themes/ucas/images/landing/icon-building.png]
[www.ucas.com/sites/all/themes/ucas/images/landing/icon-data.png]
[www.ucas.com/sites/all/themes/ucas/images/landing/icon-providers.png]
[www.ucas.com/sites/all/themes/ucas/images/landing/icon-teachers.png]
[www.ucas.com/sites/all/themes/ucas/images/ucas-hub-banner-background.jpg]
[www.ucas.com/sites/all/themes/ucas/images/dashboard-border.png]
[www.ucas.com/misc/progress.gif]
[www.ucas.com/sites/default/files/css/css_XHItM4xt3OkIlKnp1ggzib4WEoo0XIRucjeqLHLfir8.css]
[dfcdn.ucas.com/4.13.3/scripts/adverts.js]
[www.googletagmanager.com/gtm5445.html]
[dfcdn.ucas.com/5.0.0-alpha.11/stylesheets/hybrid/provider.css]
[www.ucas.com/sites/default/files/css/css_1bp5qv-APIHCmf0Au9AaQ-OdB_bxa4pVsVJdJbaaVLo.css]
[www.ucas.com/sites/all/themes/desfra/images/learner-leaderboard-5.jpg]
[explore.ucas.com/_nuxt/css/190ada2.css]
[explore.ucas.com/_nuxt/css/2e454e3.css]
[www.ucas.com/explore/search/advice.html]
[www.ucas.com/explore/search/events.html]
[www.ucas.com/explore/search/documents.html]
[www.ucas.com/explore/search/videos.html]
[explore.ucas.com/_nuxt/114b890.js]
[explore.ucas.com/_nuxt/433456b.js]
[explore.ucas.com/_nuxt/b6cebf6.js]
[www.ucas.com/explore/search.html]
[explore.ucas.com/_nuxt/fc272b5.js]
[www.ucas.com/node/420486.html]
[www.ucas.com/sites/default/files/css/css_MsfNf0LBxEajNnjzfrgqCjAgE9kILpd1MtEcn-dNpMc.css]
[dfcdn.ucas.com/5.0.0-alpha.11/stylesheets/hybrid/general.css]
[www.ucas.com/sites/default/files/styles/leaderboard/public/ucas_discovery_twitter9fcf.jpg]
[www.ucas.com/sites/default/files/styles/landing_tile/public/landing/illustration_clearbdde.jpg]
[www.ucas.com/sites/default/files/styles/landing_tile/public/article-images/create-your-hub8948.jpg]
[www.ucas.com/sites/default/files/styles/landing_tile/public/landing/advice92bf.jpg]
[www.ucas.com/sites/default/files/styles/landing_tile/public/landing/airbrush_20220407122410b5b1.jpg]
[www.ucas.com/sites/default/files/styles/landing_tile/public/article-images/unibuddy5ad3.jpg]
[www.ucas.com/sites/default/files/styles/landing_tile/public/further_education_lecturer58c0.jpg]
[www.ucas.com/connect/videos/how-choose-between-university-or-degree-apprenticeships.html]
[www.ucas.com/sites/default/files/styles/content_panel/public/media-brightcove/63109043501129d41.jpg]
[www.ucas.com/sites/default/files/styles/landing_tile/public/landing/apprenticeships5986.jpg]
[www.ucas.com/sites/default/files/styles/landing_tile/public/start-searching-for-courses354c.jpg]
[www.ucas.com/sites/default/files/styles/landing_tile/public/which-advisers-choosing-right-subjectsa49d.jpg]
[www.ucas.com/sites/default/files/styles/landing_tile/public/landing/industry-guides-tile-37d41.jpg]
[www.ucas.com/sites/default/files/styles/landing_tile/public/landing/employers4063.jpg]
[www.ucas.com/sites/default/files/styles/landing_tile/public/landing/careers_0b8c3.jpg]
[www.ucas.com/sites/default/files/styles/landing_tile/public/event-images/uca0310_higher-apprenticeships_landing-page-header_v1-17340.jpg]
[www.ucas.com/sites/default/files/styles/landing_tile/public/landing/md-6481-header-all-discounts_0f8b5.jpg]
[www.ucas.com/files/apprenticestudyingjpg.html]
[www.ucas.com/undergraduate/what-and-where-study/pros-and-cons-university.html]
[www.ucas.com/sites/default/files/styles/landing_tile/public/landing/choose-uni-tile5628.jpg]
[www.ucas.com/sites/default/files/styles/landing_tile/public/landing/regionsbdf7.jpg]
[www.ucas.com/sites/default/files/styles/landing_tile/public/landing/cities61c8.jpg]
[www.ucas.com/sites/default/files/styles/landing_tile/public/accommodation-2_0587a.jpg]
[www.ucas.com/what-are-my-options/create-your-ucas-hub-today.html]
[www.ucas.com/connect/blogs/three-reasons-you-should-attend-ucas-exhibition.html]
[www.ucas.com/sites/default/files/js/js_2U9kyVEpmb_b2Q7BN6zi-6llHBnclBlphj_GyFUJvAA.js]
[www.ucas.com/sites/default/files/js/js_iCcAx-FAKf11kgyElkqCmhYpJ0xfGPkgviQngNv9DW8.js]
[www.ucas.com/discover.html]
[www.ucas.com/sites/default/files/css/css_FQD2y1S74MHvYBo0aLFzxy3LcVbRvthw9Fcg7HVdIi4.css]
[www.ucas.com/sites/all/modules/custom/ucas_dashboard/dashboard/dist/css/chunk-vendors.9ef29fef2269.css]
[www.ucas.com/sites/all/modules/custom/ucas_dashboard/dashboard/dist/css/index.726fe5492269.css]
[www.ucas.com/sites/all/modules/custom/ucas_dashboard/dashboard/dist/js/chunk-vendors.8f55052b2269.js]
[www.ucas.com/sites/all/modules/custom/ucas_dashboard/dashboard/dist/js/index.e4b004a02269.js]
[www.ucas.com/dashboard/index.html]
[www.ucas.com/dashboard.html]
[www.ucas.com/explore/career-compass.html]
[www.ucas.com/node/191.html]
[www.ucas.com/sites/default/files/css/css_ZJoMOP6vV4_ZYpR5bgClAOWZ6TZT5iKegWwZ3-nTZB0.css]
[www.ucas.com/sites/default/files/styles/leaderboard/public/applying_to_uni_main_03b57.html]
[www.ucas.com/undergraduate/what-and-where-study/events-and-open-days.html]
[www.ucas.com/chat-to-students.html]
[www.ucas.com/further-education.html]
[www.ucas.com/what-to-do.html]
[www.ucas.com/apprenticeships.html]
[www.ucas.com/undergraduate/what-and-where-study/how-choose-right-undergraduate-course-you.html]
[www.ucas.com/explore/subjects.html]
[www.ucas.com/explore/industry-guides.html]
[www.ucas.com/explore/employers.html]
[www.ucas.com/careers-advice.html]
[www.ucas.com/apprenticeships/what-you-need-know-about-apprenticeships/degree-apprenticeships-0.html]
[www.ucas.com/money.html]
[www.ucas.com/where-to-go.html]
[www.ucas.com/explore/unis.html]
[www.ucas.com/explore/locations.html]
[www.ucas.com/undergraduate/student-life/undergraduate-accommodation.html]
[www.ucas.com/undergraduate.html]
[www.ucas.com/explore.html]
[www.ucas.com/undergraduate/applying-to-university.html]
[www.ucas.com/undergraduate/applying-university/ucas-undergraduate-when-apply.html]
[www.ucas.com/undergraduate/applying-university/filling-your-ucas-undergraduate-application.html]
[www.ucas.com/undergraduate/what-and-where-study/entry-requirements/ucas-tariff-points.html]
[www.ucas.com/explore/search/events377e.html]
[www.ucas.com/undergraduate/what-where-study.html]
[www.ucas.com/undergraduate/what-and-where-to-study/what-can-i-do-next.html]
